// Jest Snapshot v1, https://goo.gl/fbAQLP

exports[`cli startup text should match snapshot 1`] = `
Array [
  Array [
    "[999D[K",
  ],
  Array [
    "  [2mconsole.log[22m [2msrc/cli.ts:6[22m
    [33m  _____    ___    ____     ___          _   ____     ___    _   _      ____           _   _                 _                  [39m
    [33m |_   _|  / _ \\\\  |  _ \\\\   / _ \\\\        | | / ___|   / _ \\\\  | \\\\ | |    / ___|   ___   | | | |   ___    ___  | |_    ___    _ __ [39m
    [33m   | |   | | | | | |_) | | | | |    _  | | \\\\___ \\\\  | | | | |  \\\\| |   | |      / _ \\\\  | | | |  / _ \\\\  / __| | __|  / _ \\\\  | '__|[39m
    [33m   | |   | |_| | |  __/  | |_| |   | |_| |  ___) | | |_| | | |\\\\  |   | |___  | (_) | | | | | |  __/ | (__  | |_  | (_) | | |   [39m
    [33m   |_|    \\\\___/  |_|      \\\\___/     \\\\___/  |____/   \\\\___/  |_| \\\\_|    \\\\____|  \\\\___/  |_| |_|  \\\\___|  \\\\___|  \\\\__|  \\\\___/  |_|   [39m
    [33m                                                                                                                               [39m

",
    [Function],
  ],
  Array [
    "Usage: jest [options]

Please select one of the following actions: 

Options:
  -f, --file <file>  Parse JSON file
  --host <host>      Set host
  --port <port>      Set port
  -h, --help         output usage information
",
  ],
]
`;
